mode: set
github.com/DataDog/datadog-operator/test/e2e/tests/updaterSuite/rc-updater/common.go:20.89,23.52 3 0
github.com/DataDog/datadog-operator/test/e2e/tests/updaterSuite/rc-updater/common.go:23.52,25.3 1 0
github.com/DataDog/datadog-operator/test/e2e/tests/updaterSuite/rc-updater/common.go:26.2,26.78 1 0
github.com/DataDog/datadog-operator/test/e2e/tests/updaterSuite/rc-updater/common.go:26.78,28.3 1 0
github.com/DataDog/datadog-operator/test/e2e/tests/updaterSuite/rc-updater/common.go:29.2,29.99 1 0
github.com/DataDog/datadog-operator/test/e2e/tests/updaterSuite/rc-updater/common.go:29.99,31.3 1 0
github.com/DataDog/datadog-operator/test/e2e/tests/updaterSuite/rc-updater/common.go:32.2,32.61 1 0
github.com/DataDog/datadog-operator/test/e2e/tests/updaterSuite/rc-updater/common.go:32.61,33.85 1 0
github.com/DataDog/datadog-operator/test/e2e/tests/updaterSuite/rc-updater/common.go:33.85,35.4 1 0
github.com/DataDog/datadog-operator/test/e2e/tests/updaterSuite/rc-updater/common.go:36.3,36.99 1 0
github.com/DataDog/datadog-operator/test/e2e/tests/updaterSuite/rc-updater/common.go:36.99,38.4 1 0
github.com/DataDog/datadog-operator/test/e2e/tests/updaterSuite/rc-updater/common.go:42.73,43.98 1 0
github.com/DataDog/datadog-operator/test/e2e/tests/updaterSuite/rc-updater/common.go:43.98,45.3 1 0
github.com/DataDog/datadog-operator/test/e2e/tests/updaterSuite/rc-updater/common.go:46.2,46.96 1 0
github.com/DataDog/datadog-operator/test/e2e/tests/updaterSuite/rc-updater/common.go:46.96,48.3 1 0
github.com/DataDog/datadog-operator/test/e2e/tests/updaterSuite/rc-updater/common.go:49.2,49.87 1 0
github.com/DataDog/datadog-operator/test/e2e/tests/updaterSuite/rc-updater/common.go:49.87,51.3 1 0
github.com/DataDog/datadog-operator/test/e2e/tests/updaterSuite/rc-updater/common.go:52.2,52.92 1 0
github.com/DataDog/datadog-operator/test/e2e/tests/updaterSuite/rc-updater/common.go:52.92,54.3 1 0
github.com/DataDog/datadog-operator/test/e2e/tests/updaterSuite/rc-updater/common.go:55.2,55.100 1 0
github.com/DataDog/datadog-operator/test/e2e/tests/updaterSuite/rc-updater/common.go:55.100,57.3 1 0
github.com/DataDog/datadog-operator/test/e2e/tests/updaterSuite/rc-updater/api/client.go:30.26,55.2 5 0
github.com/DataDog/datadog-operator/test/e2e/tests/updaterSuite/rc-updater/api/client.go:58.34,60.16 2 0
github.com/DataDog/datadog-operator/test/e2e/tests/updaterSuite/rc-updater/api/client.go:60.16,62.3 1 0
github.com/DataDog/datadog-operator/test/e2e/tests/updaterSuite/rc-updater/api/client.go:63.2,63.20 1 0
github.com/DataDog/datadog-operator/test/e2e/tests/updaterSuite/rc-updater/api/client.go:67.34,69.16 2 0
github.com/DataDog/datadog-operator/test/e2e/tests/updaterSuite/rc-updater/api/client.go:69.16,71.3 1 0
github.com/DataDog/datadog-operator/test/e2e/tests/updaterSuite/rc-updater/api/client.go:72.2,72.20 1 0
github.com/DataDog/datadog-operator/test/e2e/tests/updaterSuite/rc-updater/api/ddsql.go:59.72,75.16 5 0
github.com/DataDog/datadog-operator/test/e2e/tests/updaterSuite/rc-updater/api/ddsql.go:75.16,77.3 1 0
github.com/DataDog/datadog-operator/test/e2e/tests/updaterSuite/rc-updater/api/ddsql.go:79.2,80.16 2 0
github.com/DataDog/datadog-operator/test/e2e/tests/updaterSuite/rc-updater/api/ddsql.go:80.16,82.3 1 0
github.com/DataDog/datadog-operator/test/e2e/tests/updaterSuite/rc-updater/api/ddsql.go:83.2,89.16 6 0
github.com/DataDog/datadog-operator/test/e2e/tests/updaterSuite/rc-updater/api/ddsql.go:89.16,91.3 1 0
github.com/DataDog/datadog-operator/test/e2e/tests/updaterSuite/rc-updater/api/ddsql.go:92.2,95.16 3 0
github.com/DataDog/datadog-operator/test/e2e/tests/updaterSuite/rc-updater/api/ddsql.go:95.16,97.3 1 0
github.com/DataDog/datadog-operator/test/e2e/tests/updaterSuite/rc-updater/api/ddsql.go:99.2,101.16 3 0
github.com/DataDog/datadog-operator/test/e2e/tests/updaterSuite/rc-updater/api/ddsql.go:101.16,103.3 1 0
github.com/DataDog/datadog-operator/test/e2e/tests/updaterSuite/rc-updater/api/ddsql.go:105.2,105.24 1 0
github.com/DataDog/datadog-operator/test/e2e/tests/updaterSuite/rc-updater/api/updater.go:126.46,129.20 2 0
github.com/DataDog/datadog-operator/test/e2e/tests/updaterSuite/rc-updater/api/updater.go:129.20,131.3 1 0
github.com/DataDog/datadog-operator/test/e2e/tests/updaterSuite/rc-updater/api/updater.go:132.2,132.11 1 0
github.com/DataDog/datadog-operator/test/e2e/tests/updaterSuite/rc-updater/api/updater.go:135.98,141.16 4 0
github.com/DataDog/datadog-operator/test/e2e/tests/updaterSuite/rc-updater/api/updater.go:141.16,143.3 1 0
github.com/DataDog/datadog-operator/test/e2e/tests/updaterSuite/rc-updater/api/updater.go:144.2,147.16 3 0
github.com/DataDog/datadog-operator/test/e2e/tests/updaterSuite/rc-updater/api/updater.go:147.16,149.3 1 0
github.com/DataDog/datadog-operator/test/e2e/tests/updaterSuite/rc-updater/api/updater.go:151.2,151.87 1 0
github.com/DataDog/datadog-operator/test/e2e/tests/updaterSuite/rc-updater/api/updater.go:151.87,153.3 1 0
github.com/DataDog/datadog-operator/test/e2e/tests/updaterSuite/rc-updater/api/updater.go:155.2,155.46 1 0
github.com/DataDog/datadog-operator/test/e2e/tests/updaterSuite/rc-updater/api/updater.go:155.46,158.17 3 0
github.com/DataDog/datadog-operator/test/e2e/tests/updaterSuite/rc-updater/api/updater.go:158.17,161.4 2 0
github.com/DataDog/datadog-operator/test/e2e/tests/updaterSuite/rc-updater/api/updater.go:162.3,162.87 1 0
github.com/DataDog/datadog-operator/test/e2e/tests/updaterSuite/rc-updater/api/updater.go:162.87,167.18 4 0
github.com/DataDog/datadog-operator/test/e2e/tests/updaterSuite/rc-updater/api/updater.go:167.18,169.5 1 0
github.com/DataDog/datadog-operator/test/e2e/tests/updaterSuite/rc-updater/api/updater.go:170.4,173.18 3 0
github.com/DataDog/datadog-operator/test/e2e/tests/updaterSuite/rc-updater/api/updater.go:173.18,175.5 1 0
github.com/DataDog/datadog-operator/test/e2e/tests/updaterSuite/rc-updater/api/updater.go:176.9,178.4 1 0
github.com/DataDog/datadog-operator/test/e2e/tests/updaterSuite/rc-updater/api/updater.go:181.2,183.16 3 0
github.com/DataDog/datadog-operator/test/e2e/tests/updaterSuite/rc-updater/api/updater.go:183.16,185.3 1 0
github.com/DataDog/datadog-operator/test/e2e/tests/updaterSuite/rc-updater/api/updater.go:187.2,187.25 1 0
github.com/DataDog/datadog-operator/test/e2e/tests/updaterSuite/rc-updater/api/updater.go:191.130,196.16 5 0
github.com/DataDog/datadog-operator/test/e2e/tests/updaterSuite/rc-updater/api/updater.go:196.16,198.3 1 0
github.com/DataDog/datadog-operator/test/e2e/tests/updaterSuite/rc-updater/api/updater.go:201.2,201.22 1 0
github.com/DataDog/datadog-operator/test/e2e/tests/updaterSuite/rc-updater/api/updater.go:201.22,203.17 2 0
github.com/DataDog/datadog-operator/test/e2e/tests/updaterSuite/rc-updater/api/updater.go:203.17,205.4 1 0
github.com/DataDog/datadog-operator/test/e2e/tests/updaterSuite/rc-updater/api/updater.go:206.8,209.17 3 0
github.com/DataDog/datadog-operator/test/e2e/tests/updaterSuite/rc-updater/api/updater.go:209.17,211.4 1 0
github.com/DataDog/datadog-operator/test/e2e/tests/updaterSuite/rc-updater/api/updater.go:214.2,221.16 7 0
github.com/DataDog/datadog-operator/test/e2e/tests/updaterSuite/rc-updater/api/updater.go:221.16,223.3 1 0
github.com/DataDog/datadog-operator/test/e2e/tests/updaterSuite/rc-updater/api/updater.go:224.2,224.18 1 0
github.com/DataDog/datadog-operator/test/e2e/tests/updaterSuite/rc-updater/api/updater.go:227.54,231.16 3 0
github.com/DataDog/datadog-operator/test/e2e/tests/updaterSuite/rc-updater/api/updater.go:231.16,233.3 1 0
github.com/DataDog/datadog-operator/test/e2e/tests/updaterSuite/rc-updater/api/updater.go:235.2,239.16 4 0
github.com/DataDog/datadog-operator/test/e2e/tests/updaterSuite/rc-updater/api/updater.go:239.16,241.3 1 0
github.com/DataDog/datadog-operator/test/e2e/tests/updaterSuite/rc-updater/api/updater.go:242.2,244.38 2 0
github.com/DataDog/datadog-operator/test/e2e/tests/updaterSuite/rc-updater/api/updater.go:244.38,246.3 1 0
github.com/DataDog/datadog-operator/test/e2e/tests/updaterSuite/rc-updater/api/updater.go:248.2,248.12 1 0
github.com/DataDog/datadog-operator/test/e2e/tests/utils/utils.go:20.71,22.2 1 0
github.com/DataDog/datadog-operator/test/e2e/tests/utils/utils.go:24.111,31.2 2 0
github.com/DataDog/datadog-operator/test/e2e/tests/utils/utils.go:33.89,37.2 3 0
github.com/DataDog/datadog-operator/test/e2e/tests/utils/utils.go:39.80,43.23 3 0
github.com/DataDog/datadog-operator/test/e2e/tests/utils/utils.go:43.23,45.79 2 0
github.com/DataDog/datadog-operator/test/e2e/tests/utils/utils.go:45.79,46.35 1 0
github.com/DataDog/datadog-operator/test/e2e/tests/utils/utils.go:46.35,60.5 10 0
github.com/DataDog/datadog-operator/test/e2e/tests/utils/utils.go:61.9,63.4 1 0
github.com/DataDog/datadog-operator/test/e2e/tests/utils/utils.go:67.69,72.21 4 0
github.com/DataDog/datadog-operator/test/e2e/tests/utils/utils.go:72.21,74.33 2 0
github.com/DataDog/datadog-operator/test/e2e/tests/utils/utils.go:74.33,75.114 1 0
github.com/DataDog/datadog-operator/test/e2e/tests/utils/utils.go:75.114,77.35 2 0
github.com/DataDog/datadog-operator/test/e2e/tests/utils/utils.go:77.35,79.62 2 0
github.com/DataDog/datadog-operator/test/e2e/tests/utils/utils.go:79.62,81.7 1 0
github.com/DataDog/datadog-operator/test/e2e/tests/utils/utils.go:83.10,85.5 1 0
github.com/DataDog/datadog-operator/test/e2e/tests/utils/utils.go:88.2,89.169 2 0
github.com/DataDog/datadog-operator/test/e2e/tests/utils/utils.go:92.71,97.16 4 0
github.com/DataDog/datadog-operator/test/e2e/tests/utils/utils.go:97.16,99.3 1 0
github.com/DataDog/datadog-operator/test/e2e/tests/utils/utils.go:100.2,103.16 3 0
github.com/DataDog/datadog-operator/test/e2e/tests/utils/utils.go:103.16,105.3 1 0
github.com/DataDog/datadog-operator/test/e2e/tests/utils/utils.go:108.82,109.22 1 0
github.com/DataDog/datadog-operator/test/e2e/tests/utils/utils.go:109.22,111.3 1 0
