{
  "errors": [
    "additionalProperties 'unknown_field' not allowed"
  ]
}
