{
  "errors": [
    "missing properties: 'profile_definition'"
  ]
}
