{
  "errors": [
    "expected string, but got number",
    "additionalProperties 'unknown_field' not allowed"
  ]
}
