main.stack_C: ""
main.test_array_of_arrays: ""
main.test_array_of_arrays_of_arrays: ""
main.test_array_of_strings: ""
main.test_array_of_structs: ""
main.test_big_struct: ""
main.test_bool_array: ""
main.test_byte_array: ""
main.test_channel: ""
main.test_combined_byte: ""
main.test_empty_slice: ""
main.test_empty_slice_of_structs: ""
main.test_empty_struct: ""
main.test_error: ""
main.test_int_array: ""
main.test_int8_array: ""
main.test_int16_array: ""
main.test_int32_array: ""
main.test_int64_array: ""
main.test_interface: ""
main.test_linked_list: ""
main.test_map_string_to_int: ""
main.test_multiple_simple_params: ""
main.test_nil_pointer: ""
main.test_nil_slice: ""
main.test_nil_slice_of_structs: ""
main.test_nil_slice_with_other_params: ""
main.test_one_string_in_struct_pointer: ""
main.test_pointer_loop: ""
main.test_rune_array: ""
main.test_single_bool: |
    {"stack_frames":[670432,672224,298500,517188],"captures":{"x":true}}
main.test_single_byte: |
    {"stack_frames":[670400,672224,298500,517188],"captures":{"x":97}}
main.test_single_float32: |
    {"stack_frames":[670608,672224,298500,517188],"captures":{"x":0}}
main.test_single_float64: |
    {"stack_frames":[670624,672224,298500,517188],"captures":{"x":0}}
main.test_single_int: |
    {"stack_frames":[670448,672224,298500,517188],"captures":{"x":-1512}}
main.test_single_int8: |
    {"stack_frames":[670464,672224,298500,517188],"captures":{"x":-8}}
main.test_single_int16: |
    {"stack_frames":[670480,672224,298500,517188],"captures":{"x":-16}}
main.test_single_int32: |
    {"stack_frames":[670496,672224,298500,517188],"captures":{"x":-32}}
main.test_single_int64: |
    {"stack_frames":[670512,672224,298500,517188],"captures":{"x":-64}}
main.test_single_rune: |
    {"stack_frames":[670416,672224,298500,517188],"captures":{"x":1}}
main.test_single_string:
main.test_single_uint: |
    {"stack_frames":[670528,672224,298500,517188],"captures":{"x":1512}}
main.test_single_uint8: |
    {"stack_frames":[670544,672224,298500,517188],"captures":{"x":8}}
main.test_single_uint16: |
    {"stack_frames":[670560,672224,298500,517188],"captures":{"x":16}}
main.test_single_uint32: |
    {"stack_frames":[670576,672224,298500,517188],"captures":{"x":32}}
main.test_single_uint64: |
    {"stack_frames":[670592,672224,298500,517188],"captures":{"x":64}}
main.test_slice_of_slices: ""
main.test_string_array: ""
main.test_string_pointer: ""
main.test_string_slice: ""
main.test_struct: ""
main.test_struct_slice: ""
main.test_three_strings: ""
main.test_three_strings_in_struct: ""
main.test_three_strings_in_struct_pointer: ""
main.test_type_alias: ""
main.test_uint_array: ""
main.test_uint_pointer: ""
main.test_uint_slice: ""
main.test_uint8_array: ""
main.test_uint16_array: ""
main.test_uint32_array: ""
main.test_uint64_array: ""
